// Jest Snapshot v1, https://goo.gl/fbAQLP

exports[`components/marketplace/marketplace_list should render with multiple plugins 1`] = `
<div
  className="more-modal__list"
>
  <Connect(MarketplaceItem)
    description="This plugin sends quarterly user satisfaction surveys to gather feedback and help improve Mattermost"
    downloadUrl="https://github.com/mattermost/mattermost-plugin-nps/releases/download/v1.0.3/com.mattermost.nps-1.0.3.tar.gz"
    homepageUrl="https://github.com/mattermost/mattermost-plugin-nps"
    id="com.mattermost.nps"
    installedVersion=""
    isPrepackaged={false}
    key="com.mattermost.nps"
    name="User Satisfaction Surveys"
    version="1.0.3"
  />
  <Connect(MarketplaceItem)
    description="This plugin sends quarterly user satisfaction surveys to gather feedback and help improve Mattermost"
    downloadUrl="https://github.com/mattermost/mattermost-plugin-nps/releases/download/v1.0.3/com.mattermost.nps-1.0.3.tar.gz"
    homepageUrl="https://github.com/mattermost/mattermost-plugin-nps"
    id="com.mattermost.nps"
    installedVersion=""
    isPrepackaged={false}
    key="com.mattermost.nps"
    name="User Satisfaction Surveys"
    version="1.0.3"
  />
  <Connect(MarketplaceItem)
    description="This plugin sends quarterly user satisfaction surveys to gather feedback and help improve Mattermost"
    downloadUrl="https://github.com/mattermost/mattermost-plugin-nps/releases/download/v1.0.3/com.mattermost.nps-1.0.3.tar.gz"
    homepageUrl="https://github.com/mattermost/mattermost-plugin-nps"
    id="com.mattermost.nps"
    installedVersion=""
    isPrepackaged={false}
    key="com.mattermost.nps"
    name="User Satisfaction Surveys"
    version="1.0.3"
  />
  <Connect(MarketplaceItem)
    description="This plugin sends quarterly user satisfaction surveys to gather feedback and help improve Mattermost"
    downloadUrl="https://github.com/mattermost/mattermost-plugin-nps/releases/download/v1.0.3/com.mattermost.nps-1.0.3.tar.gz"
    homepageUrl="https://github.com/mattermost/mattermost-plugin-nps"
    id="com.mattermost.nps"
    installedVersion=""
    isPrepackaged={false}
    key="com.mattermost.nps"
    name="User Satisfaction Surveys"
    version="1.0.3"
  />
  <Connect(MarketplaceItem)
    description="This plugin sends quarterly user satisfaction surveys to gather feedback and help improve Mattermost"
    downloadUrl="https://github.com/mattermost/mattermost-plugin-nps/releases/download/v1.0.3/com.mattermost.nps-1.0.3.tar.gz"
    homepageUrl="https://github.com/mattermost/mattermost-plugin-nps"
    id="com.mattermost.nps"
    installedVersion=""
    isPrepackaged={false}
    key="com.mattermost.nps"
    name="User Satisfaction Surveys"
    version="1.0.3"
  />
  <Connect(MarketplaceItem)
    description="This plugin sends quarterly user satisfaction surveys to gather feedback and help improve Mattermost"
    downloadUrl="https://github.com/mattermost/mattermost-plugin-nps/releases/download/v1.0.3/com.mattermost.nps-1.0.3.tar.gz"
    homepageUrl="https://github.com/mattermost/mattermost-plugin-nps"
    id="com.mattermost.nps"
    installedVersion=""
    isPrepackaged={false}
    key="com.mattermost.nps"
    name="User Satisfaction Surveys"
    version="1.0.3"
  />
  <Connect(MarketplaceItem)
    description="This plugin sends quarterly user satisfaction surveys to gather feedback and help improve Mattermost"
    downloadUrl="https://github.com/mattermost/mattermost-plugin-nps/releases/download/v1.0.3/com.mattermost.nps-1.0.3.tar.gz"
    homepageUrl="https://github.com/mattermost/mattermost-plugin-nps"
    id="com.mattermost.nps"
    installedVersion=""
    isPrepackaged={false}
    key="com.mattermost.nps"
    name="User Satisfaction Surveys"
    version="1.0.3"
  />
  <Connect(MarketplaceItem)
    description="This plugin sends quarterly user satisfaction surveys to gather feedback and help improve Mattermost"
    downloadUrl="https://github.com/mattermost/mattermost-plugin-nps/releases/download/v1.0.3/com.mattermost.nps-1.0.3.tar.gz"
    homepageUrl="https://github.com/mattermost/mattermost-plugin-nps"
    id="com.mattermost.nps"
    installedVersion=""
    isPrepackaged={false}
    key="com.mattermost.nps"
    name="User Satisfaction Surveys"
    version="1.0.3"
  />
  <Connect(MarketplaceItem)
    description="This plugin sends quarterly user satisfaction surveys to gather feedback and help improve Mattermost"
    downloadUrl="https://github.com/mattermost/mattermost-plugin-nps/releases/download/v1.0.3/com.mattermost.nps-1.0.3.tar.gz"
    homepageUrl="https://github.com/mattermost/mattermost-plugin-nps"
    id="com.mattermost.nps"
    installedVersion=""
    isPrepackaged={false}
    key="com.mattermost.nps"
    name="User Satisfaction Surveys"
    version="1.0.3"
  />
  <Connect(MarketplaceItem)
    description="This plugin sends quarterly user satisfaction surveys to gather feedback and help improve Mattermost"
    downloadUrl="https://github.com/mattermost/mattermost-plugin-nps/releases/download/v1.0.3/com.mattermost.nps-1.0.3.tar.gz"
    homepageUrl="https://github.com/mattermost/mattermost-plugin-nps"
    id="com.mattermost.nps"
    installedVersion=""
    isPrepackaged={false}
    key="com.mattermost.nps"
    name="User Satisfaction Surveys"
    version="1.0.3"
  />
  <Connect(MarketplaceItem)
    description="This plugin sends quarterly user satisfaction surveys to gather feedback and help improve Mattermost"
    downloadUrl="https://github.com/mattermost/mattermost-plugin-nps/releases/download/v1.0.3/com.mattermost.nps-1.0.3.tar.gz"
    homepageUrl="https://github.com/mattermost/mattermost-plugin-nps"
    id="com.mattermost.nps"
    installedVersion=""
    isPrepackaged={false}
    key="com.mattermost.nps"
    name="User Satisfaction Surveys"
    version="1.0.3"
  />
  <Connect(MarketplaceItem)
    description="This plugin sends quarterly user satisfaction surveys to gather feedback and help improve Mattermost"
    downloadUrl="https://github.com/mattermost/mattermost-plugin-nps/releases/download/v1.0.3/com.mattermost.nps-1.0.3.tar.gz"
    homepageUrl="https://github.com/mattermost/mattermost-plugin-nps"
    id="com.mattermost.nps"
    installedVersion=""
    isPrepackaged={false}
    key="com.mattermost.nps"
    name="User Satisfaction Surveys"
    version="1.0.3"
  />
  <Connect(MarketplaceItem)
    description="This plugin sends quarterly user satisfaction surveys to gather feedback and help improve Mattermost"
    downloadUrl="https://github.com/mattermost/mattermost-plugin-nps/releases/download/v1.0.3/com.mattermost.nps-1.0.3.tar.gz"
    homepageUrl="https://github.com/mattermost/mattermost-plugin-nps"
    id="com.mattermost.nps"
    installedVersion=""
    isPrepackaged={false}
    key="com.mattermost.nps"
    name="User Satisfaction Surveys"
    version="1.0.3"
  />
  <Connect(MarketplaceItem)
    description="This plugin sends quarterly user satisfaction surveys to gather feedback and help improve Mattermost"
    downloadUrl="https://github.com/mattermost/mattermost-plugin-nps/releases/download/v1.0.3/com.mattermost.nps-1.0.3.tar.gz"
    homepageUrl="https://github.com/mattermost/mattermost-plugin-nps"
    id="com.mattermost.nps"
    installedVersion=""
    isPrepackaged={false}
    key="com.mattermost.nps"
    name="User Satisfaction Surveys"
    version="1.0.3"
  />
  <Connect(MarketplaceItem)
    description="This plugin sends quarterly user satisfaction surveys to gather feedback and help improve Mattermost"
    downloadUrl="https://github.com/mattermost/mattermost-plugin-nps/releases/download/v1.0.3/com.mattermost.nps-1.0.3.tar.gz"
    homepageUrl="https://github.com/mattermost/mattermost-plugin-nps"
    id="com.mattermost.nps"
    installedVersion=""
    isPrepackaged={false}
    key="com.mattermost.nps"
    name="User Satisfaction Surveys"
    version="1.0.3"
  />
  <div
    className="row"
  >
    <div
      className="col-xs-2"
    />
    <div
      className="col-xs-8"
      style={
        Object {
          "color": "rgba(61,60,64,0.6)",
        }
      }
    >
      <FormattedMessage
        defaultMessage="{startCount, number} - {endCount, number} {count, plural, one {plugin} other {plugins}} of {total, number} total"
        id="marketplace_list.countTotalPage"
        values={
          Object {
            "count": 17,
            "endCount": 15,
            "startCount": 1,
            "total": 17,
          }
        }
      />
    </div>
    <div
      className="col-xs-2"
    >
      <button
        className="btn btn-link"
        id="marketplaceModalNextButton"
        onClick={[Function]}
      >
        <FormattedMessage
          defaultMessage="Next"
          id="more_channels.next"
          values={Object {}}
        />
      </button>
    </div>
  </div>
</div>
`;
